{
    "betcrop - antsbet": {
        "content": [
            {
                "0": [
                    [
                        {
                            "id": "test",
                            "single_end": false
                        },
                        "test__t1_bet.nii.gz:md5,b43dc42e2771a4a581d87d5ff832cf46"
                    ]
                ],
                "1": [
                    [
                        {
                            "id": "test",
                            "single_end": false
                        },
                        "test__t1_bet_mask.nii.gz:md5,5020c0022664ce53b33e8252b7a3a0a4"
                    ]
                ],
                "2": [
                    "versions.yml:md5,e7d67d24efb0a133d53537fed65516de"
                ],
                "mask": [
                    [
                        {
                            "id": "test",
                            "single_end": false
                        },
                        "test__t1_bet_mask.nii.gz:md5,5020c0022664ce53b33e8252b7a3a0a4"
                    ]
                ],
                "t1": [
                    [
                        {
                            "id": "test",
                            "single_end": false
                        },
                        "test__t1_bet.nii.gz:md5,b43dc42e2771a4a581d87d5ff832cf46"
                    ]
                ],
                "versions": [
                    "versions.yml:md5,e7d67d24efb0a133d53537fed65516de"
                ]
            }
        ],
        "meta": {
            "nf-test": "0.9.0-rc1",
            "nextflow": "24.04.2"
        },
        "timestamp": "2024-06-21T00:50:55.054746"
    }
}