{
    "anatomical_segmentation - freesurferseg": {
        "content": [
            {
                "0": [

                ],
                "1": [

                ],
                "2": [

                ],
                "3": [

                ],
                "4": [

                ],
                "5": [

                ],
                "6": [
                    [
                        {
                            "id": "test",
                            "single_end": false
                        },
                        "test__mask_wm.nii.gz:md5,2dc635526adb6ef185300acc326ead13"
                    ]
                ],
                "7": [
                    [
                        {
                            "id": "test",
                            "single_end": false
                        },
                        "test__mask_gm.nii.gz:md5,247106ed727133078fe262b0b8244071"
                    ]
                ],
                "8": [
                    [
                        {
                            "id": "test",
                            "single_end": false
                        },
                        "test__mask_csf.nii.gz:md5,b92db7e454c95afadea320a143912ce8"
                    ]
                ],
                "9": [
                    "versions.yml:md5,18dfcb72144006d4f3e2afc759d2ee6b"
                ],
                "csf_map": [

                ],
                "csf_mask": [

                ],
                "fs_csf_mask": [
                    [
                        {
                            "id": "test",
                            "single_end": false
                        },
                        "test__mask_csf.nii.gz:md5,b92db7e454c95afadea320a143912ce8"
                    ]
                ],
                "fs_gm_mask": [
                    [
                        {
                            "id": "test",
                            "single_end": false
                        },
                        "test__mask_gm.nii.gz:md5,247106ed727133078fe262b0b8244071"
                    ]
                ],
                "fs_wm_mask": [
                    [
                        {
                            "id": "test",
                            "single_end": false
                        },
                        "test__mask_wm.nii.gz:md5,2dc635526adb6ef185300acc326ead13"
                    ]
                ],
                "gm_map": [

                ],
                "gm_mask": [

                ],
                "versions": [
                    "versions.yml:md5,18dfcb72144006d4f3e2afc759d2ee6b"
                ],
                "wm_map": [

                ],
                "wm_mask": [

                ]
            }
        ],
        "meta": {
            "nf-test": "0.9.0-rc1",
            "nextflow": "24.04.2"
        },
        "timestamp": "2024-07-02T17:33:19.865748"
    },
    "anatomical_segmentation - fslfast": {
        "content": [
            {
                "0": [
                    [
                        {
                            "id": "test",
                            "single_end": false
                        },
                        "test__mask_wm.nii.gz:md5,f849e268007a747714e342162f13f631"
                    ]
                ],
                "1": [
                    [
                        {
                            "id": "test",
                            "single_end": false
                        },
                        "test__mask_gm.nii.gz:md5,39396421c6d1d32ea7943a5ec7a49dce"
                    ]
                ],
                "2": [
                    [
                        {
                            "id": "test",
                            "single_end": false
                        },
                        "test__mask_csf.nii.gz:md5,d0fbc088059f17faff38fbcd33257d27"
                    ]
                ],
                "3": [

                ],
                "4": [

                ],
                "5": [

                ],
                "6": [

                ],
                "7": [

                ],
                "8": [

                ],
                "9": [
                    "versions.yml:md5,0d100de62a24580c4abbed9193fb6352"
                ],
                "csf_map": [

                ],
                "csf_mask": [
                    [
                        {
                            "id": "test",
                            "single_end": false
                        },
                        "test__mask_csf.nii.gz:md5,d0fbc088059f17faff38fbcd33257d27"
                    ]
                ],
                "fs_csf_mask": [

                ],
                "fs_gm_mask": [

                ],
                "fs_wm_mask": [

                ],
                "gm_map": [

                ],
                "gm_mask": [
                    [
                        {
                            "id": "test",
                            "single_end": false
                        },
                        "test__mask_gm.nii.gz:md5,39396421c6d1d32ea7943a5ec7a49dce"
                    ]
                ],
                "versions": [
                    "versions.yml:md5,f098240b7d7f6df9a2a43215c5828669"
                ],
                "wm_map": [

                ],
                "wm_mask": [
                    [
                        {
                            "id": "test",
                            "single_end": false
                        },
                        "test__mask_wm.nii.gz:md5,f849e268007a747714e342162f13f631"
                    ]
                ]
            }
        ],
        "meta": {
            "nf-test": "0.9.0-rc1",
            "nextflow": "24.04.2"
        },
        "timestamp": "2024-07-02T17:27:45.817175"
    },
    "anatomical_segmentation - both": {
        "content": [
            {
                "0": [
                    [
                        {
                            "id": "test",
                            "single_end": false
                        },
                        "test__mask_wm.nii.gz:md5,f849e268007a747714e342162f13f631"
                    ]
                ],
                "1": [
                    [
                        {
                            "id": "test",
                            "single_end": false
                        },
                        "test__mask_gm.nii.gz:md5,39396421c6d1d32ea7943a5ec7a49dce"
                    ]
                ],
                "2": [
                    [
                        {
                            "id": "test",
                            "single_end": false
                        },
                        "test__mask_csf.nii.gz:md5,d0fbc088059f17faff38fbcd33257d27"
                    ]
                ],
                "3": [

                ],
                "4": [

                ],
                "5": [

                ],
                "6": [
                    [
                        {
                            "id": "test",
                            "single_end": false
                        },
                        "test__mask_wm.nii.gz:md5,2dc635526adb6ef185300acc326ead13"
                    ]
                ],
                "7": [
                    [
                        {
                            "id": "test",
                            "single_end": false
                        },
                        "test__mask_gm.nii.gz:md5,247106ed727133078fe262b0b8244071"
                    ]
                ],
                "8": [
                    [
                        {
                            "id": "test",
                            "single_end": false
                        },
                        "test__mask_csf.nii.gz:md5,b92db7e454c95afadea320a143912ce8"
                    ]
                ],
                "9": [
                    "versions.yml:md5,0d100de62a24580c4abbed9193fb6352",
                    "versions.yml:md5,18dfcb72144006d4f3e2afc759d2ee6b"
                ],
                "csf_map": [

                ],
                "csf_mask": [
                    [
                        {
                            "id": "test",
                            "single_end": false
                        },
                        "test__mask_csf.nii.gz:md5,d0fbc088059f17faff38fbcd33257d27"
                    ]
                ],
                "fs_csf_mask": [
                    [
                        {
                            "id": "test",
                            "single_end": false
                        },
                        "test__mask_csf.nii.gz:md5,b92db7e454c95afadea320a143912ce8"
                    ]
                ],
                "fs_gm_mask": [
                    [
                        {
                            "id": "test",
                            "single_end": false
                        },
                        "test__mask_gm.nii.gz:md5,247106ed727133078fe262b0b8244071"
                    ]
                ],
                "fs_wm_mask": [
                    [
                        {
                            "id": "test",
                            "single_end": false
                        },
                        "test__mask_wm.nii.gz:md5,2dc635526adb6ef185300acc326ead13"
                    ]
                ],
                "gm_map": [

                ],
                "gm_mask": [
                    [
                        {
                            "id": "test",
                            "single_end": false
                        },
                        "test__mask_gm.nii.gz:md5,39396421c6d1d32ea7943a5ec7a49dce"
                    ]
                ],
                "versions": [
                    "versions.yml:md5,0d100de62a24580c4abbed9193fb6352",
                    "versions.yml:md5,18dfcb72144006d4f3e2afc759d2ee6b"
                ],
                "wm_map": [

                ],
                "wm_mask": [
                    [
                        {
                            "id": "test",
                            "single_end": false
                        },
                        "test__mask_wm.nii.gz:md5,f849e268007a747714e342162f13f631"
                    ]
                ]
            }
        ],
        "meta": {
            "nf-test": "0.9.0-rc1",
            "nextflow": "24.04.2"
        },
        "timestamp": "2024-07-02T17:44:03.066837"
    }
}
