{
    "topup": {
        "content": [
            "8049b102bc198966d660e5e74fc1e875",
            "5745c8977899db38b37349f29878b681",
            "topup_results_movpar.txt",
            "ffd9d860d3ffb77229f573fe4d76a957",
            "bb9d101a2ab23aac4698526494963122",
            "a77f49baffcac12bd6d8dfbca26469db",
            [
                "versions.yml:md5,0e863a080c48837427583c1e93791262"
            ]
        ],
        "meta": {
            "nf-test": "0.8.4",
            "nextflow": "24.04.2"
        },
        "timestamp": "2024-06-19T16:11:34.60011"
    }
}