{
    "preproc_dwi_rev_dwi_nob0": {
        "content": [
            [
                [
                    {
                        "id": "test",
                        "single_end": false
                    },
                    "test__bval_eddy:md5,8192e97b08e8032382397bb844b31892"
                ]
            ],
            [
                "versions.yml:md5,0280006ceecc575513278292734ffb27",
                "versions.yml:md5,1662ab8cb093ea6d16798a8fa82639e1",
                "versions.yml:md5,403aeab6aa4e08cf90c1bb51cf3ba4e5",
                "versions.yml:md5,4d981a0200b8820dd789f135a9dd320f",
                "versions.yml:md5,5dce7a8c0b0d6b91ef7826f88c86370e",
                "versions.yml:md5,977c7cd0a14188f1dfeb0f69a819b79e",
                "versions.yml:md5,b4c068383da080f871c90828b1de0082",
                "versions.yml:md5,c15ba5efd24564dba4710b6da8c4b791",
                "versions.yml:md5,d1ae2ca80502bf88c4b1c4a42fba6ced",
                "versions.yml:md5,f041502e22449973d84ac1c618e8ebf9"
            ],
            "test_b0.nii.gz",
            "test_resampled.nii.gz",
            "test__dwi_eddy_corrected.bvec",
            "test__image_boundingBox.pkl",
            "test__image_n4.nii.gz",
            "test_resampled.nii.gz",
            "test__dwi_corrected.nii.gz"
        ],
        "meta": {
            "nf-test": "0.9.0-rc1",
            "nextflow": "24.04.2"
        },
        "timestamp": "2024-06-21T04:38:27.303442"
    },
    "preproc_dwi_rev_b0": {
        "content": [
            [
                [
                    {
                        "id": "test",
                        "single_end": false
                    },
                    "test__bval_eddy:md5,8192e97b08e8032382397bb844b31892"
                ]
            ],
            [
                "versions.yml:md5,0280006ceecc575513278292734ffb27",
                "versions.yml:md5,403aeab6aa4e08cf90c1bb51cf3ba4e5",
                "versions.yml:md5,4d981a0200b8820dd789f135a9dd320f",
                "versions.yml:md5,5dce7a8c0b0d6b91ef7826f88c86370e",
                "versions.yml:md5,977c7cd0a14188f1dfeb0f69a819b79e",
                "versions.yml:md5,b4c068383da080f871c90828b1de0082",
                "versions.yml:md5,c15ba5efd24564dba4710b6da8c4b791",
                "versions.yml:md5,d1ae2ca80502bf88c4b1c4a42fba6ced",
                "versions.yml:md5,f041502e22449973d84ac1c618e8ebf9"
            ],
            "test_b0.nii.gz",
            "test_resampled.nii.gz",
            "test__dwi_eddy_corrected.bvec",
            "test__image_boundingBox.pkl",
            "test__image_n4.nii.gz",
            "test_resampled.nii.gz",
            "test__dwi_corrected.nii.gz"
        ],
        "meta": {
            "nf-test": "0.9.0-rc1",
            "nextflow": "24.04.2"
        },
        "timestamp": "2024-06-21T04:35:36.221361"
    },
    "preproc_dwi_all_options": {
        "content": [
            [
                [
                    {
                        "id": "test",
                        "single_end": false
                    },
                    "test__bval_eddy:md5,8192e97b08e8032382397bb844b31892"
                ]
            ],
            [
                "versions.yml:md5,0280006ceecc575513278292734ffb27",
                "versions.yml:md5,1662ab8cb093ea6d16798a8fa82639e1",
                "versions.yml:md5,403aeab6aa4e08cf90c1bb51cf3ba4e5",
                "versions.yml:md5,4d981a0200b8820dd789f135a9dd320f",
                "versions.yml:md5,5dce7a8c0b0d6b91ef7826f88c86370e",
                "versions.yml:md5,977c7cd0a14188f1dfeb0f69a819b79e",
                "versions.yml:md5,b4c068383da080f871c90828b1de0082",
                "versions.yml:md5,c15ba5efd24564dba4710b6da8c4b791",
                "versions.yml:md5,d1ae2ca80502bf88c4b1c4a42fba6ced",
                "versions.yml:md5,f041502e22449973d84ac1c618e8ebf9"
            ],
            "test_b0.nii.gz",
            "test_resampled.nii.gz",
            "test__dwi_eddy_corrected.bvec",
            "test__image_boundingBox.pkl",
            "test__image_n4.nii.gz",
            "test_resampled.nii.gz",
            "test__dwi_corrected.nii.gz"
        ],
        "meta": {
            "nf-test": "0.9.0-rc1",
            "nextflow": "24.04.2"
        },
        "timestamp": "2024-06-21T04:41:17.034104"
    }
}