{
    "registration - ants": {
        "content": [
            {
                "0": [
                    [
                        {
                            "id": "test",
                            "single_end": false
                        },
                        "test__warped.nii.gz:md5,dd6eeadf55d2a2dd56b82f2fed42929d"
                    ]
                ],
                "1": [
                    [
                        {
                            "id": "test",
                            "single_end": false
                        },
                        [
                            "test__output0Warp.nii.gz:md5,2cf2c64471590619d91539194d5219b3",
                            "test__output1GenericAffine.mat:md5,807d6fec45c8a2026ccd090534566a08"
                        ]
                    ]
                ],
                "2": [
                    [
                        {
                            "id": "test",
                            "single_end": false
                        },
                        [
                            "test__output0InverseAffine.mat:md5,31938565167f2f1766e3d8ad671e5fca",
                            "test__output1InverseWarp.nii.gz:md5,56b5d155e958b20035fec575e43545aa"
                        ]
                    ]
                ],
                "3": [
                    "versions.yml:md5,e1ac7994c0f0169d932e94c6e97a4894"
                ],
                "image": [
                    [
                        {
                            "id": "test",
                            "single_end": false
                        },
                        "test__warped.nii.gz:md5,dd6eeadf55d2a2dd56b82f2fed42929d"
                    ]
                ],
                "transfo_image": [
                    [
                        {
                            "id": "test",
                            "single_end": false
                        },
                        [
                            "test__output0Warp.nii.gz:md5,2cf2c64471590619d91539194d5219b3",
                            "test__output1GenericAffine.mat:md5,807d6fec45c8a2026ccd090534566a08"
                        ]
                    ]
                ],
                "transfo_trk": [
                    [
                        {
                            "id": "test",
                            "single_end": false
                        },
                        [
                            "test__output0InverseAffine.mat:md5,31938565167f2f1766e3d8ad671e5fca",
                            "test__output1InverseWarp.nii.gz:md5,56b5d155e958b20035fec575e43545aa"
                        ]
                    ]
                ],
                "versions": [
                    "versions.yml:md5,e1ac7994c0f0169d932e94c6e97a4894"
                ]
            }
        ],
        "meta": {
            "nf-test": "0.9.0-rc1",
            "nextflow": "24.04.2"
        },
        "timestamp": "2024-07-02T16:19:29.820237"
    },
    "registration - ants - quick": {
        "content": [
            {
                "0": [
                    [
                        {
                            "id": "test",
                            "single_end": false
                        },
                        "test__warped.nii.gz:md5,2e7f87575007e57881864fcb20086cbb"
                    ]
                ],
                "1": [
                    [
                        {
                            "id": "test",
                            "single_end": false
                        },
                        [
                            "test__output0Warp.nii.gz:md5,e87f55e0a7562292582bb768dbe4feb4",
                            "test__output1GenericAffine.mat:md5,79ca56993d673c37553139fd0d8a87cc"
                        ]
                    ]
                ],
                "2": [
                    [
                        {
                            "id": "test",
                            "single_end": false
                        },
                        [
                            "test__output0InverseAffine.mat:md5,0b6d35c62e0374c467808f810091dcac",
                            "test__output1InverseWarp.nii.gz:md5,3532a01eb3f045e260f88fcec42c6a67"
                        ]
                    ]
                ],
                "3": [
                    "versions.yml:md5,e1ac7994c0f0169d932e94c6e97a4894"
                ],
                "image": [
                    [
                        {
                            "id": "test",
                            "single_end": false
                        },
                        "test__warped.nii.gz:md5,2e7f87575007e57881864fcb20086cbb"
                    ]
                ],
                "transfo_image": [
                    [
                        {
                            "id": "test",
                            "single_end": false
                        },
                        [
                            "test__output0Warp.nii.gz:md5,e87f55e0a7562292582bb768dbe4feb4",
                            "test__output1GenericAffine.mat:md5,79ca56993d673c37553139fd0d8a87cc"
                        ]
                    ]
                ],
                "transfo_trk": [
                    [
                        {
                            "id": "test",
                            "single_end": false
                        },
                        [
                            "test__output0InverseAffine.mat:md5,0b6d35c62e0374c467808f810091dcac",
                            "test__output1InverseWarp.nii.gz:md5,3532a01eb3f045e260f88fcec42c6a67"
                        ]
                    ]
                ],
                "versions": [
                    "versions.yml:md5,e1ac7994c0f0169d932e94c6e97a4894"
                ]
            }
        ],
        "meta": {
            "nf-test": "0.9.0-rc1",
            "nextflow": "24.04.2"
        },
        "timestamp": "2024-07-02T16:20:38.29805"
    },
    "registration - ants - options": {
        "content": [
            {
                "0": [
                    [
                        {
                            "id": "test",
                            "single_end": false
                        },
                        "test__warped.nii.gz:md5,58007213474153da113836b0b98de428"
                    ]
                ],
                "1": [
                    [
                        {
                            "id": "test",
                            "single_end": false
                        },
                        "test__output1GenericAffine.mat:md5,73802271efb0a0519ca40901a1be480b"
                    ]
                ],
                "2": [
                    [
                        {
                            "id": "test",
                            "single_end": false
                        },
                        "test__output0InverseAffine.mat:md5,eaf72200cee6f4843ff8b802738374b7"
                    ]
                ],
                "3": [
                    "versions.yml:md5,e1ac7994c0f0169d932e94c6e97a4894"
                ],
                "image": [
                    [
                        {
                            "id": "test",
                            "single_end": false
                        },
                        "test__warped.nii.gz:md5,58007213474153da113836b0b98de428"
                    ]
                ],
                "transfo_image": [
                    [
                        {
                            "id": "test",
                            "single_end": false
                        },
                        "test__output1GenericAffine.mat:md5,73802271efb0a0519ca40901a1be480b"
                    ]
                ],
                "transfo_trk": [
                    [
                        {
                            "id": "test",
                            "single_end": false
                        },
                        "test__output0InverseAffine.mat:md5,eaf72200cee6f4843ff8b802738374b7"
                    ]
                ],
                "versions": [
                    "versions.yml:md5,e1ac7994c0f0169d932e94c6e97a4894"
                ]
            }
        ],
        "meta": {
            "nf-test": "0.8.4",
            "nextflow": "23.10.1"
        },
        "timestamp": "2024-05-10T15:22:59.155233"
    }
}