{
    "image - resample - isomin": {
        "content": [
            {
                "0": [
                    [
                        {
                            "id": "test",
                            "single_end": false
                        },
                        "test_resampled.nii.gz:md5,f3164907d16ceabf606a03ea0efd3a2f"
                    ]
                ],
                "1": [
                    "versions.yml:md5,f2c9fb731758ad9909571d60a85fa792"
                ],
                "image": [
                    [
                        {
                            "id": "test",
                            "single_end": false
                        },
                        "test_resampled.nii.gz:md5,f3164907d16ceabf606a03ea0efd3a2f"
                    ]
                ],
                "versions": [
                    "versions.yml:md5,f2c9fb731758ad9909571d60a85fa792"
                ]
            }
        ],
        "meta": {
            "nf-test": "0.9.0-rc1",
            "nextflow": "24.04.2"
        },
        "timestamp": "2024-06-21T22:35:51.636197"
    },
    "image - resample - nn": {
        "content": [
            {
                "0": [
                    [
                        {
                            "id": "test",
                            "single_end": false
                        },
                        "test_resampled.nii.gz:md5,8d3e1c9552673b1ce60bc4d090198564"
                    ]
                ],
                "1": [
                    "versions.yml:md5,f2c9fb731758ad9909571d60a85fa792"
                ],
                "image": [
                    [
                        {
                            "id": "test",
                            "single_end": false
                        },
                        "test_resampled.nii.gz:md5,8d3e1c9552673b1ce60bc4d090198564"
                    ]
                ],
                "versions": [
                    "versions.yml:md5,f2c9fb731758ad9909571d60a85fa792"
                ]
            }
        ],
        "meta": {
            "nf-test": "0.9.0-rc1",
            "nextflow": "24.04.2"
        },
        "timestamp": "2024-06-21T22:37:56.254527"
    },
    "image - resample - volsize": {
        "content": [
            {
                "0": [
                    [
                        {
                            "id": "test",
                            "single_end": false
                        },
                        "test_resampled.nii.gz:md5,7c83b666f9fb2d68643a20d1c7ac21d8"
                    ]
                ],
                "1": [
                    "versions.yml:md5,f2c9fb731758ad9909571d60a85fa792"
                ],
                "image": [
                    [
                        {
                            "id": "test",
                            "single_end": false
                        },
                        "test_resampled.nii.gz:md5,7c83b666f9fb2d68643a20d1c7ac21d8"
                    ]
                ],
                "versions": [
                    "versions.yml:md5,f2c9fb731758ad9909571d60a85fa792"
                ]
            }
        ],
        "meta": {
            "nf-test": "0.9.0-rc1",
            "nextflow": "24.04.2"
        },
        "timestamp": "2024-06-21T22:34:48.762793"
    },
    "image - resample - voxsize": {
        "content": [
            {
                "0": [
                    [
                        {
                            "id": "test",
                            "single_end": false
                        },
                        "test_resampled.nii.gz:md5,6ffdabab138186db2dab6f98ea6e9ffb"
                    ]
                ],
                "1": [
                    "versions.yml:md5,f2c9fb731758ad9909571d60a85fa792"
                ],
                "image": [
                    [
                        {
                            "id": "test",
                            "single_end": false
                        },
                        "test_resampled.nii.gz:md5,6ffdabab138186db2dab6f98ea6e9ffb"
                    ]
                ],
                "versions": [
                    "versions.yml:md5,f2c9fb731758ad9909571d60a85fa792"
                ]
            }
        ],
        "meta": {
            "nf-test": "0.9.0-rc1",
            "nextflow": "24.04.2"
        },
        "timestamp": "2024-06-21T22:33:40.565359"
    },
    "image - resample - ref": {
        "content": [
            {
                "0": [
                    [
                        {
                            "id": "test",
                            "single_end": false
                        },
                        "test_resampled.nii.gz:md5,0a45d21ff294fda2e41c620cf83d0406"
                    ]
                ],
                "1": [
                    "versions.yml:md5,f2c9fb731758ad9909571d60a85fa792"
                ],
                "image": [
                    [
                        {
                            "id": "test",
                            "single_end": false
                        },
                        "test_resampled.nii.gz:md5,0a45d21ff294fda2e41c620cf83d0406"
                    ]
                ],
                "versions": [
                    "versions.yml:md5,f2c9fb731758ad9909571d60a85fa792"
                ]
            }
        ],
        "meta": {
            "nf-test": "0.9.0-rc1",
            "nextflow": "24.04.2"
        },
        "timestamp": "2024-06-21T22:36:53.039746"
    }
}